// Vitest Snapshot v1, https://vitest.dev/guide/snapshot.html

exports[`execa > test ommand netstat -nao 1`] = `
{
  "err": "",
  "error": undefined,
  "out": "
Active Connections

  Proto  Local Address          Foreign Address        State           PID
  TCP    0.0.0.0:22             0.0.0.0:0              LISTENING       5404
  TCP    0.0.0.0:135            0.0.0.0:0              LISTENING       1160
  TCP    0.0.0.0:445            0.0.0.0:0              LISTENING       4
  TCP    0.0.0.0:2179           0.0.0.0:0              LISTENING       2536
  TCP    0.0.0.0:3306           0.0.0.0:0              LISTENING       5988
  TCP    0.0.0.0:3389           0.0.0.0:0              LISTENING       1512
  TCP    0.0.0.0:5040           0.0.0.0:0              LISTENING       10976
  TCP    0.0.0.0:6881           0.0.0.0:0              LISTENING       26980
  TCP    0.0.0.0:7680           0.0.0.0:0              LISTENING       3544
  TCP    0.0.0.0:10050          0.0.0.0:0              LISTENING       5552
  TCP    0.0.0.0:24678          0.0.0.0:0              LISTENING       10676
  TCP    0.0.0.0:33060          0.0.0.0:0              LISTENING       5988
  TCP    0.0.0.0:41407          0.0.0.0:0              LISTENING       6120
  TCP    0.0.0.0:49664          0.0.0.0:0              LISTENING       748
  TCP    0.0.0.0:49665          0.0.0.0:0              LISTENING       956
  TCP    0.0.0.0:49666          0.0.0.0:0              LISTENING       1964
  TCP    0.0.0.0:49667          0.0.0.0:0              LISTENING       2016
  TCP    0.0.0.0:49668          0.0.0.0:0              LISTENING       3140
  TCP    0.0.0.0:49669          0.0.0.0:0              LISTENING       4572
  TCP    0.0.0.0:49675          0.0.0.0:0              LISTENING       4608
  TCP    0.0.0.0:49700          0.0.0.0:0              LISTENING       92
  TCP    0.0.0.0:50051          0.0.0.0:0              LISTENING       5032
  TCP    0.0.0.0:50091          0.0.0.0:0              LISTENING       5184
  TCP    0.0.0.0:50094          0.0.0.0:0              LISTENING       17196
  TCP    0.0.0.0:50095          0.0.0.0:0              LISTENING       23396
  TCP    10.30.247.227:139      0.0.0.0:0              LISTENING       4
  TCP    10.30.247.227:52007    10.0.0.11:37527        ESTABLISHED     5040
  TCP    10.30.247.227:52222    20.197.71.89:443       ESTABLISHED     5412
  TCP    10.30.247.227:52561    101.91.37.18:80        ESTABLISHED     18092
  TCP    10.30.247.227:54613    104.16.132.229:443     ESTABLISHED     12560
  TCP    10.30.247.227:56241    120.53.53.53:443       ESTABLISHED     12560
  TCP    10.30.247.227:57693    61.172.229.212:21007   ESTABLISHED     12560
  TCP    10.30.247.227:58009    61.172.229.212:21007   TIME_WAIT       0
  TCP    10.30.247.227:58326    223.109.107.98:443     TIME_WAIT       0
  TCP    10.30.247.227:59631    61.172.229.212:21007   TIME_WAIT       0
  TCP    10.30.247.227:59641    61.172.229.212:21007   TIME_WAIT       0
  TCP    10.30.247.227:59671    61.172.229.212:21007   ESTABLISHED     12560
  TCP    10.30.247.227:59684    223.6.6.6:443          ESTABLISHED     12560
  TCP    10.30.247.227:59818    220.181.174.161:443    TIME_WAIT       0
  TCP    10.30.247.227:59868    112.16.227.102:80      TIME_WAIT       0
  TCP    10.30.247.227:59939    10.0.0.11:80           TIME_WAIT       0
  TCP    10.30.247.227:59944    10.0.0.11:80           TIME_WAIT       0
  TCP    10.30.247.227:59949    20.189.173.10:443      TIME_WAIT       0
  TCP    10.30.247.227:59950    8.8.4.4:853            TIME_WAIT       0
  TCP    10.30.247.227:59951    8.8.4.4:853            TIME_WAIT       0
  TCP    10.30.247.227:59957    61.172.229.212:21007   TIME_WAIT       0
  TCP    10.30.247.227:59963    61.172.229.212:21007   TIME_WAIT       0
  TCP    10.30.247.227:59970    61.172.229.212:21007   TIME_WAIT       0
  TCP    10.30.247.227:59974    20.189.173.21:443      TIME_WAIT       0
  TCP    10.30.247.227:59982    61.172.229.212:21007   TIME_WAIT       0
  TCP    10.30.247.227:59988    112.16.227.102:80      TIME_WAIT       0
  TCP    10.30.247.227:59993    8.8.4.4:853            TIME_WAIT       0
  TCP    10.30.247.227:60015    8.8.4.4:853            TIME_WAIT       0
  TCP    10.30.247.227:60037    20.42.73.25:443        TIME_WAIT       0
  TCP    10.30.247.227:60038    8.8.4.4:853            TIME_WAIT       0
  TCP    10.30.247.227:60060    10.0.0.11:80           TIME_WAIT       0
  TCP    10.30.247.227:60067    10.0.0.11:80           TIME_WAIT       0
  TCP    10.30.247.227:60072    104.208.16.88:443      TIME_WAIT       0
  TCP    10.30.247.227:60075    8.8.4.4:853            TIME_WAIT       0
  TCP    10.30.247.227:60086    20.189.173.21:443      TIME_WAIT       0
  TCP    10.30.247.227:60089    104.208.16.88:443      ESTABLISHED     12560
  TCP    10.30.247.227:60103    61.172.229.212:21007   ESTABLISHED     12560
  TCP    10.30.247.227:60109    61.172.229.212:21007   ESTABLISHED     12560
  TCP    10.30.247.227:60111    61.172.229.212:21007   ESTABLISHED     12560
  TCP    10.30.247.227:60126    192.168.0.2:445        SYN_SENT        4
  TCP    10.30.247.227:60128    192.168.0.2:139        SYN_SENT        4
  TCP    10.30.247.227:60138    223.109.107.97:443     ESTABLISHED     12560
  TCP    10.30.247.227:60148    192.168.0.119:50091    SYN_SENT        12560
  TCP    10.30.247.227:60151    61.172.229.212:21007   TIME_WAIT       0
  TCP    10.30.247.227:60153    61.172.229.212:21007   ESTABLISHED     12560
  TCP    10.30.247.227:60155    192.168.0.119:50091    SYN_SENT        12560
  TCP    10.30.247.227:60156    192.168.0.1:20000      SYN_SENT        5032
  TCP    127.0.0.1:6379         0.0.0.0:0              LISTENING       5272
  TCP    127.0.0.1:7890         0.0.0.0:0              LISTENING       12560
  TCP    127.0.0.1:7890         127.0.0.1:53151        ESTABLISHED     12560
  TCP    127.0.0.1:7890         127.0.0.1:53152        ESTABLISHED     12560
  TCP    127.0.0.1:7890         127.0.0.1:53153        ESTABLISHED     12560
  TCP    127.0.0.1:7890         127.0.0.1:53194        ESTABLISHED     12560
  TCP    127.0.0.1:7890         127.0.0.1:53195        ESTABLISHED     12560
  TCP    127.0.0.1:7890         127.0.0.1:53245        ESTABLISHED     12560
  TCP    127.0.0.1:7890         127.0.0.1:53246        ESTABLISHED     12560
  TCP    127.0.0.1:7890         127.0.0.1:53254        ESTABLISHED     12560
  TCP    127.0.0.1:7890         127.0.0.1:53263        ESTABLISHED     12560
  TCP    127.0.0.1:7890         127.0.0.1:53270        ESTABLISHED     12560
  TCP    127.0.0.1:7890         127.0.0.1:53287        ESTABLISHED     12560
  TCP    127.0.0.1:7890         127.0.0.1:53329        ESTABLISHED     12560
  TCP    127.0.0.1:7890         127.0.0.1:53352        ESTABLISHED     12560
  TCP    127.0.0.1:7890         127.0.0.1:53369        ESTABLISHED     12560
  TCP    127.0.0.1:7890         127.0.0.1:53378        ESTABLISHED     12560
  TCP    127.0.0.1:7890         127.0.0.1:53416        ESTABLISHED     12560
  TCP    127.0.0.1:7890         127.0.0.1:53428        ESTABLISHED     12560
  TCP    127.0.0.1:7890         127.0.0.1:53447        ESTABLISHED     12560
  TCP    127.0.0.1:7890         127.0.0.1:53458        ESTABLISHED     12560
  TCP    127.0.0.1:7890         127.0.0.1:57692        ESTABLISHED     12560
  TCP    127.0.0.1:7890         127.0.0.1:59586        TIME_WAIT       0
  TCP    127.0.0.1:7890         127.0.0.1:59670        ESTABLISHED     12560
  TCP    127.0.0.1:7890         127.0.0.1:60088        ESTABLISHED     12560
  TCP    127.0.0.1:7890         127.0.0.1:60102        ESTABLISHED     12560
  TCP    127.0.0.1:7890         127.0.0.1:60108        ESTABLISHED     12560
  TCP    127.0.0.1:7890         127.0.0.1:60110        ESTABLISHED     12560
  TCP    127.0.0.1:7890         127.0.0.1:60136        ESTABLISHED     12560
  TCP    127.0.0.1:7890         127.0.0.1:60147        ESTABLISHED     12560
  TCP    127.0.0.1:7890         127.0.0.1:60152        ESTABLISHED     12560
  TCP    127.0.0.1:7890         127.0.0.1:60154        ESTABLISHED     12560
  TCP    127.0.0.1:8680         0.0.0.0:0              LISTENING       18092
  TCP    127.0.0.1:8828         0.0.0.0:0              LISTENING       13412
  TCP    127.0.0.1:8829         0.0.0.0:0              LISTENING       30200
  TCP    127.0.0.1:8830         0.0.0.0:0              LISTENING       996
  TCP    127.0.0.1:8831         0.0.0.0:0              LISTENING       21684
  TCP    127.0.0.1:8832         0.0.0.0:0              LISTENING       15972
  TCP    127.0.0.1:27017        0.0.0.0:0              LISTENING       5112
  TCP    127.0.0.1:36600        0.0.0.0:0              LISTENING       5040
  TCP    127.0.0.1:42950        0.0.0.0:0              LISTENING       848
  TCP    127.0.0.1:49684        127.0.0.1:49685        ESTABLISHED     5988
  TCP    127.0.0.1:49685        127.0.0.1:49684        ESTABLISHED     5988
  TCP    127.0.0.1:49686        127.0.0.1:49687        ESTABLISHED     5988
  TCP    127.0.0.1:49687        127.0.0.1:49686        ESTABLISHED     5988
  TCP    127.0.0.1:52464        127.0.0.1:52465        ESTABLISHED     26980
  TCP    127.0.0.1:52465        127.0.0.1:52464        ESTABLISHED     26980
  TCP    127.0.0.1:52612        0.0.0.0:0              LISTENING       15912
  TCP    127.0.0.1:52614        0.0.0.0:0              LISTENING       12560
  TCP    127.0.0.1:53151        127.0.0.1:7890         ESTABLISHED     6120
  TCP    127.0.0.1:53152        127.0.0.1:7890         ESTABLISHED     6120
  TCP    127.0.0.1:53153        127.0.0.1:7890         ESTABLISHED     6120
  TCP    127.0.0.1:53194        127.0.0.1:7890         ESTABLISHED     6120
  TCP    127.0.0.1:53195        127.0.0.1:7890         ESTABLISHED     6120
  TCP    127.0.0.1:53245        127.0.0.1:7890         ESTABLISHED     6120
  TCP    127.0.0.1:53246        127.0.0.1:7890         ESTABLISHED     6120
  TCP    127.0.0.1:53254        127.0.0.1:7890         ESTABLISHED     6120
  TCP    127.0.0.1:53263        127.0.0.1:7890         ESTABLISHED     6120
  TCP    127.0.0.1:53270        127.0.0.1:7890         ESTABLISHED     6120
  TCP    127.0.0.1:53287        127.0.0.1:7890         ESTABLISHED     6120
  TCP    127.0.0.1:53329        127.0.0.1:7890         ESTABLISHED     6120
  TCP    127.0.0.1:53352        127.0.0.1:7890         ESTABLISHED     6120
  TCP    127.0.0.1:53369        127.0.0.1:7890         ESTABLISHED     6120
  TCP    127.0.0.1:53378        127.0.0.1:7890         ESTABLISHED     6120
  TCP    127.0.0.1:53416        127.0.0.1:7890         ESTABLISHED     6120
  TCP    127.0.0.1:53428        127.0.0.1:7890         ESTABLISHED     6120
  TCP    127.0.0.1:53447        127.0.0.1:7890         ESTABLISHED     6120
  TCP    127.0.0.1:53458        127.0.0.1:7890         ESTABLISHED     6120
  TCP    127.0.0.1:54545        0.0.0.0:0              LISTENING       13412
  TCP    127.0.0.1:54546        0.0.0.0:0              LISTENING       30200
  TCP    127.0.0.1:54554        0.0.0.0:0              LISTENING       21684
  TCP    127.0.0.1:54561        0.0.0.0:0              LISTENING       996
  TCP    127.0.0.1:57692        127.0.0.1:7890         ESTABLISHED     27548
  TCP    127.0.0.1:58008        127.0.0.1:7890         TIME_WAIT       0
  TCP    127.0.0.1:58324        127.0.0.1:7890         TIME_WAIT       0
  TCP    127.0.0.1:59630        127.0.0.1:7890         TIME_WAIT       0
  TCP    127.0.0.1:59640        127.0.0.1:7890         TIME_WAIT       0
  TCP    127.0.0.1:59670        127.0.0.1:7890         ESTABLISHED     27548
  TCP    127.0.0.1:59718        127.0.0.1:7890         TIME_WAIT       0
  TCP    127.0.0.1:59817        127.0.0.1:7890         TIME_WAIT       0
  TCP    127.0.0.1:59945        127.0.0.1:7890         TIME_WAIT       0
  TCP    127.0.0.1:59948        127.0.0.1:7890         TIME_WAIT       0
  TCP    127.0.0.1:59958        127.0.0.1:7890         TIME_WAIT       0
  TCP    127.0.0.1:59973        127.0.0.1:7890         TIME_WAIT       0
  TCP    127.0.0.1:60036        127.0.0.1:7890         TIME_WAIT       0
  TCP    127.0.0.1:60071        127.0.0.1:7890         TIME_WAIT       0
  TCP    127.0.0.1:60085        127.0.0.1:7890         TIME_WAIT       0
  TCP    127.0.0.1:60088        127.0.0.1:7890         ESTABLISHED     13220
  TCP    127.0.0.1:60102        127.0.0.1:7890         ESTABLISHED     27548
  TCP    127.0.0.1:60108        127.0.0.1:7890         ESTABLISHED     27548
  TCP    127.0.0.1:60110        127.0.0.1:7890         ESTABLISHED     27548
  TCP    127.0.0.1:60112        127.0.0.1:7890         TIME_WAIT       0
  TCP    127.0.0.1:60136        127.0.0.1:7890         ESTABLISHED     27548
  TCP    127.0.0.1:60147        127.0.0.1:7890         ESTABLISHED     17196
  TCP    127.0.0.1:60152        127.0.0.1:7890         ESTABLISHED     23024
  TCP    127.0.0.1:60154        127.0.0.1:7890         ESTABLISHED     23396
  TCP    172.27.224.1:139       0.0.0.0:0              LISTENING       4
  TCP    [::]:22                [::]:0                 LISTENING       5404
  TCP    [::]:135               [::]:0                 LISTENING       1160
  TCP    [::]:445               [::]:0                 LISTENING       4
  TCP    [::]:2179              [::]:0                 LISTENING       2536
  TCP    [::]:3306              [::]:0                 LISTENING       5988
  TCP    [::]:3389              [::]:0                 LISTENING       1512
  TCP    [::]:6881              [::]:0                 LISTENING       26980
  TCP    [::]:7680              [::]:0                 LISTENING       3544
  TCP    [::]:10050             [::]:0                 LISTENING       5552
  TCP    [::]:24678             [::]:0                 LISTENING       10676
  TCP    [::]:33060             [::]:0                 LISTENING       5988
  TCP    [::]:41407             [::]:0                 LISTENING       6120
  TCP    [::]:49664             [::]:0                 LISTENING       748
  TCP    [::]:49665             [::]:0                 LISTENING       956
  TCP    [::]:49666             [::]:0                 LISTENING       1964
  TCP    [::]:49667             [::]:0                 LISTENING       2016
  TCP    [::]:49668             [::]:0                 LISTENING       3140
  TCP    [::]:49669             [::]:0                 LISTENING       4572
  TCP    [::]:49675             [::]:0                 LISTENING       4608
  TCP    [::]:49700             [::]:0                 LISTENING       92
  TCP    [::]:50051             [::]:0                 LISTENING       5032
  TCP    [::]:50091             [::]:0                 LISTENING       5184
  TCP    [::]:50094             [::]:0                 LISTENING       17196
  TCP    [::]:50095             [::]:0                 LISTENING       23396
  TCP    [fe80::a53d:3918:7a43:c312%11]:50710  [::]:0                 LISTENING       5032
  UDP    0.0.0.0:53             *:*                                    4556
  UDP    0.0.0.0:500            *:*                                    4620
  UDP    0.0.0.0:3389           *:*                                    1512
  UDP    0.0.0.0:4500           *:*                                    4620
  UDP    0.0.0.0:5050           *:*                                    10976
  UDP    0.0.0.0:5353           *:*                                    18224
  UDP    0.0.0.0:5353           *:*                                    18224
  UDP    0.0.0.0:5353           *:*                                    27548
  UDP    0.0.0.0:5353           *:*                                    27548
  UDP    0.0.0.0:5353           *:*                                    18224
  UDP    0.0.0.0:5353           *:*                                    27548
  UDP    0.0.0.0:5353           *:*                                    18224
  UDP    0.0.0.0:5353           *:*                                    3768
  UDP    0.0.0.0:5353           *:*                                    27548
  UDP    0.0.0.0:5355           *:*                                    3768
  UDP    0.0.0.0:6000           *:*                                    5184
  UDP    0.0.0.0:6881           *:*                                    26980
  UDP    0.0.0.0:36599          *:*                                    17340
  UDP    0.0.0.0:51039          *:*                                    17340
  UDP    0.0.0.0:51040          *:*                                    17340
  UDP    0.0.0.0:51041          *:*                                    17340
  UDP    0.0.0.0:51042          *:*                                    17340
  UDP    0.0.0.0:51043          *:*                                    17340
  UDP    0.0.0.0:51044          *:*                                    17340
  UDP    0.0.0.0:51045          *:*                                    17340
  UDP    0.0.0.0:51046          *:*                                    17340
  UDP    0.0.0.0:51047          *:*                                    17340
  UDP    0.0.0.0:51048          *:*                                    17340
  UDP    0.0.0.0:54723          *:*                                    4556
  UDP    0.0.0.0:54724          *:*                                    4556
  UDP    0.0.0.0:64071          *:*                                    27548
  UDP    0.0.0.0:64072          *:*                                    27548
  UDP    10.30.247.227:137      *:*                                    4
  UDP    10.30.247.227:138      *:*                                    4
  UDP    10.30.247.227:1900     *:*                                    3960
  UDP    10.30.247.227:55556    *:*                                    3960
  UDP    127.0.0.1:1900         *:*                                    3960
  UDP    127.0.0.1:7890         *:*                                    12560
  UDP    127.0.0.1:49664        *:*                                    3912
  UDP    127.0.0.1:55557        *:*                                    3960
  UDP    172.27.224.1:67        *:*                                    4556
  UDP    172.27.224.1:68        *:*                                    4556
  UDP    172.27.224.1:137       *:*                                    4
  UDP    172.27.224.1:138       *:*                                    4
  UDP    172.27.224.1:1900      *:*                                    3960
  UDP    172.27.224.1:55558     *:*                                    3960
  UDP    [::]:500               *:*                                    4620
  UDP    [::]:3389              *:*                                    1512
  UDP    [::]:4500              *:*                                    4620
  UDP    [::]:5353              *:*                                    27548
  UDP    [::]:5353              *:*                                    18224
  UDP    [::]:5353              *:*                                    3768
  UDP    [::]:5353              *:*                                    18224
  UDP    [::]:5353              *:*                                    27548
  UDP    [::]:5355              *:*                                    3768
  UDP    [::]:6881              *:*                                    26980
  UDP    [::]:54725             *:*                                    4556
  UDP    [::]:64072             *:*                                    27548
  UDP    [::1]:1900             *:*                                    3960
  UDP    [::1]:55554            *:*                                    3960
  UDP    [fe80::7f07:5f1b:d32f:1eb3%29]:1900  *:*                                    3960
  UDP    [fe80::7f07:5f1b:d32f:1eb3%29]:55555  *:*                                    3960
  UDP    [fe80::a53d:3918:7a43:c312%11]:1900  *:*                                    3960
  UDP    [fe80::a53d:3918:7a43:c312%11]:55553  *:*                                    3960
",
}
`;
